../Core/Src/main.c:182:5:main	56	static
../Core/Src/main.c:292:6:SystemClock_Config	96	static
../Core/Src/main.c:342:13:MX_TIM2_Init	40	static
../Core/Src/main.c:387:13:MX_USART2_UART_Init	8	static
../Core/Src/main.c:422:13:MX_GPIO_Init	48	static
../Core/Src/main.c:494:6:setPushupTarget	32	static
../Core/Src/main.c:520:6:AreButtonsPressedTask	16	static
../Core/Src/main.c:531:6:PushupCounterTask	24	static
../Core/Src/main.c:564:6:Trigger_Ultrasonic	8	static
../Core/Src/main.c:571:10:Get_Distance	24	static
../Core/Src/main.c:592:6:reset	16	static
../Core/Src/main.c:599:6:handleWin	8	static
../Core/Src/main.c:720:6:playSound	32	static
../Core/Src/main.c:736:6:LedCounterTask	32	static
../Core/Src/main.c:750:6:CheckForExitTask	24	static
../Core/Src/main.c:780:6:StartDefaultTask	16	static
../Core/Src/main.c:799:6:HAL_TIM_PeriodElapsedCallback	16	static
../Core/Src/main.c:816:6:Error_Handler	4	static,ignoring_inline_asm
