../Core/Src/main.c:92:5:main	56	static
../Core/Src/main.c:191:6:SystemClock_Config	96	static
../Core/Src/main.c:241:13:MX_TIM2_Init	40	static
../Core/Src/main.c:286:13:MX_USART2_UART_Init	8	static
../Core/Src/main.c:321:13:MX_GPIO_Init	48	static
../Core/Src/main.c:383:6:AreButtonsPressedTask	32	static
../Core/Src/main.c:405:6:PushupCounterTask	24	static
../Core/Src/main.c:438:6:Trigger_Ultrasonic	8	static
../Core/Src/main.c:448:10:Get_Distance	16	static
../Core/Src/main.c:466:6:handleWin	8	static
../Core/Src/main.c:472:6:playSound	32	static
../Core/Src/main.c:488:6:LedCounterTask	24	static
../Core/Src/main.c:513:6:StartDefaultTask	16	static
../Core/Src/main.c:532:6:HAL_TIM_PeriodElapsedCallback	16	static
../Core/Src/main.c:549:6:Error_Handler	4	static,ignoring_inline_asm
